
Running Gradle task 'assembleRelease'...                        
flutter : 
At line:1 char:1
+ flutter build apk > build_output.txt 2>&1
+ ~~~~~~~~~~~~~~~~~~~~~~~~~~~~~~~~~~~~~~~~~
    + CategoryInfo          : NotSpecified: (:String) [], RemoteException
    + FullyQualifiedErrorId : NativeCommandError
 
FAILURE: Build failed with an exception.

* What went wrong:
Could not open cp_settings generic class cache for settings file 'D:\Card Game\Card-Game\android\settings.gradle' 
(C:\Users\Sunil\.gradle\caches\7.6.3\scripts\8q4oc62nf78wv2i8an06axmqa).
> BUG! exception in phase 'semantic analysis' in source unit '_BuildScript_' Unsupported class file major version 65

* Try:
> Run with --stacktrace option to get the stack trace.
> Run with --info or --debug option to get more log output.
> Run with --scan to get full insights.

* Get more help at https://help.gradle.org

BUILD FAILED in 1s
Running Gradle task 'assembleRelease'...                         2,288ms

ΓöîΓöÇ Flutter Fix ΓöÇΓöÇΓöÇΓöÇΓöÇΓöÇΓöÇΓöÇΓöÇΓöÇΓöÇΓöÇΓöÇΓöÇΓöÇΓöÇΓöÇΓöÇΓöÇΓöÇΓöÇΓöÇΓöÇΓöÇΓöÇΓöÇΓöÇΓöÇΓöÇΓöÇΓöÇΓöÇΓöÇΓöÇΓöÇΓöÇΓöÇΓöÇΓöÇΓöÇΓöÇΓöÇΓöÇΓöÇΓöÇΓöÇΓöÇΓöÇΓöÇΓöÇΓöÇΓöÇΓöÇΓöÇΓöÇΓöÇΓöÇΓöÇΓöÇΓöÇΓöÇΓöÇΓöÇΓöÇΓöÇΓöÇΓöÇΓöÇΓöÇΓöÇΓöÇΓöÇΓöÇΓöÇΓöÇΓöÇΓöÇΓöÇΓöÇΓöÇΓöÇΓöÇΓöÇΓöÉ
Γöé [!] Your project's Gradle version is incompatible with the Java version that Flutter is using   Γöé
Γöé for Gradle.                                                                                     Γöé
Γöé                                                                                                 Γöé
Γöé If you recently upgraded Android Studio, consult the migration guide at                         Γöé
Γöé docs.flutter.dev/go/android-java-gradle-error.                                                  Γöé
Γöé                                                                                                 Γöé
Γöé Otherwise, to fix this issue, first, check the Java version used by Flutter by running `flutter Γöé
Γöé doctor --verbose`.                                                                              Γöé
Γöé                                                                                                 Γöé
Γöé Then, update the Gradle version specified in D:\Card                                            Γöé
Γöé Game\Card-Game\android\gradle\wrapper\gradle-wrapper.properties to be compatible with that Java Γöé
Γöé version. See the link below for more information on compatible Java/Gradle versions:            Γöé
Γöé https://docs.gradle.org/current/userguide/compatibility.html#java                               Γöé
Γöé                                                                                                 Γöé
Γöé                                                                                                 Γöé
ΓööΓöÇΓöÇΓöÇΓöÇΓöÇΓöÇΓöÇΓöÇΓöÇΓöÇΓöÇΓöÇΓöÇΓöÇΓöÇΓöÇΓöÇΓöÇΓöÇΓöÇΓöÇΓöÇΓöÇΓöÇΓöÇΓöÇΓöÇΓöÇΓöÇΓöÇΓöÇΓöÇΓöÇΓöÇΓöÇΓöÇΓöÇΓöÇΓöÇΓöÇΓöÇΓöÇΓöÇΓöÇΓöÇΓöÇΓöÇΓöÇΓöÇΓöÇΓöÇΓöÇΓöÇΓöÇΓöÇΓöÇΓöÇΓöÇΓöÇΓöÇΓöÇΓöÇΓöÇΓöÇΓöÇΓöÇΓöÇΓöÇΓöÇΓöÇΓöÇΓöÇΓöÇΓöÇΓöÇΓöÇΓöÇΓöÇΓöÇΓöÇΓöÇΓöÇΓöÇΓöÇΓöÇΓöÇΓöÇΓöÇΓöÇΓöÇΓöÇΓöÇΓöÇΓöÇΓöÇΓöÇΓöÇΓöÿ
Gradle task assembleRelease failed with exit code 1
